src/pages/DashboardPage.tsx(25,3): error TS6133: 'Receipt' is declared but its value is never read.
src/pages/DashboardPage.tsx(146,15): error TS2322: Type '{ hidden: { opacity: number; y: number; }; visible: { opacity: number; y: number; transition: { duration: number; ease: string; }; }; }' is not assignable to type 'Variants'.
  Property 'visible' is incompatible with index signature.
    Type '{ opacity: number; y: number; transition: { duration: number; ease: string; }; }' is not assignable to type 'Variant'.
      Type '{ opacity: number; y: number; transition: { duration: number; ease: string; }; }' is not assignable to type 'TargetAndTransition'.
        Type '{ opacity: number; y: number; transition: { duration: number; ease: string; }; }' is not assignable to type '{ transition?: Transition<any> | undefined; transitionEnd?: ResolvedValues$1 | undefined; }'.
          Types of property 'transition' are incompatible.
            Type '{ duration: number; ease: string; }' is not assignable to type 'Transition<any> | undefined'.
              Type '{ duration: number; ease: string; }' is not assignable to type 'TransitionWithValueOverrides<any>'.
                Type '{ duration: number; ease: string; }' is not assignable to type 'ValueAnimationTransition<any>'.
                  Types of property 'ease' are incompatible.
                    Type 'string' is not assignable to type 'Easing | Easing[] | undefined'.
src/pages/DashboardPage.tsx(209,19): error TS2322: Type '(value: number) => [string, "Amount"]' is not assignable to type 'Formatter<number, "Amount"> & ((value: number, name: "Amount", item: Payload<number, "Amount">, index: number, payload: Payload<number, "Amount">[]) => ReactNode | [...])'.
  Type '(value: number) => [string, "Amount"]' is not assignable to type 'Formatter<number, "Amount">'.
    Types of parameters 'value' and 'value' are incompatible.
      Type 'number | undefined' is not assignable to type 'number'.
        Type 'undefined' is not assignable to type 'number'.
src/pages/DashboardPage.tsx(258,19): error TS2322: Type '(value: number) => [string, "Amount"]' is not assignable to type 'Formatter<number, "Amount"> & ((value: number, name: "Amount", item: Payload<number, "Amount">, index: number, payload: Payload<number, "Amount">[]) => ReactNode | [...])'.
  Type '(value: number) => [string, "Amount"]' is not assignable to type 'Formatter<number, "Amount">'.
    Types of parameters 'value' and 'value' are incompatible.
      Type 'number | undefined' is not assignable to type 'number'.
        Type 'undefined' is not assignable to type 'number'.
src/pages/PoolsPage.tsx(8,3): error TS6133: 'ArrowUpRight' is declared but its value is never read.
src/pages/PoolsPage.tsx(9,3): error TS6133: 'ArrowDownRight' is declared but its value is never read.
src/pages/UserDetailPage.tsx(223,21): error TS2322: Type '(value: number) => [string, "Amount"]' is not assignable to type 'Formatter<number, "Amount"> & ((value: number, name: "Amount", item: Payload<number, "Amount">, index: number, payload: Payload<number, "Amount">[]) => ReactNode | [...])'.
  Type '(value: number) => [string, "Amount"]' is not assignable to type 'Formatter<number, "Amount">'.
    Types of parameters 'value' and 'value' are incompatible.
      Type 'number | undefined' is not assignable to type 'number'.
        Type 'undefined' is not assignable to type 'number'.
